TAP version 13
# Subtest: ragPlugin
    # Subtest: loads config per workspace directory
    ok 1 - loads config per workspace directory
      ---
      duration_ms: 130.2766
      ...
    # Subtest: exposes an explicit chunk retrieval tool
    ok 2 - exposes an explicit chunk retrieval tool
      ---
      duration_ms: 7.191
      ...
    # Subtest: writes multiline chunk contents to the log file
    not ok 3 - writes multiline chunk contents to the log file
      ---
      duration_ms: 9.4315
      location: 'C:\\Daten\\Entwicklung\\OpenCodeRAG\\src\\__tests__\\plugin.test.ts:1:4636'
      failureType: 'testCodeFailure'
      error: |-
        The input did not match the regular expression /export function chunkEntryPoint\(\) \{\n  return true;\n\}/. Input:
        
        '[2026-05-29T10:57:42.270Z] [plugin] OpenCode plugin initialized\n' +
          '\n' +
          '[2026-05-29T10:57:42.272Z] [opencode-rag-context] retrieval completed successfully\n' +
          'query:\n' +
          '  Locate the chunking entry point\n' +
          '  Path hints: src/plugin.ts\n' +
          '  Language hints: typescript\n' +
          'pathHints:\n' +
          '  - src/plugin.ts\n' +
          'languageHints:\n' +
          '  - typescript\n' +
          'topK: 4\n' +
          'results:\n' +
          '  -\n' +
          '    filePath:\n' +
          '      src/plugin.ts\n' +
          '    startLine: 12\n' +
          '    endLine: 20\n' +
          '    language:\n' +
          '      typescript\n' +
          '    score: 0.93\n' +
          'output:\n' +
          '  \n' +
          '  **opencode-rag retrieved context** _(context: 1 chunks, avg relevance: 0.93)_\n' +
          '  \n' +
          '  ---\n' +
          '  \n' +
          '  [src/plugin.ts:12-20] (typescript, score: 0.93)\n' +
          '  ```typescript\n' +
          '  export function chunkEntryPoint() {\n' +
          '    return true;\n' +
          '  }\n' +
          '  \n' +
          '  ```\n' +
          '  \n' +
          '  ---\n' +
          '  \n' +
          '\n'
        
      code: 'ERR_ASSERTION'
      name: 'AssertionError'
      expected:
      actual: |-
        [2026-05-29T10:57:42.270Z] [plugin] OpenCode plugin initialized
        
        [2026-05-29T10:57:42.272Z] [opencode-rag-context] retrieval completed successfully
        query:
          Locate the chunking entry point
          Path hints: src/plugin.ts
          Language hints: typescript
        pathHints:
          - src/plugin.ts
        languageHints:
          - typescript
        topK: 4
        results:
          -
            filePath:
              src/plugin.ts
            startLine: 12
            endLine: 20
            language:
              typescript
            score: 0.93
        output:
          
          **opencode-rag retrieved context** _(context: 1 chunks, avg relevance: 0.93)_
          
          ---
          
          [src/plugin.ts:12-20] (typescript, score: 0.93)
          ```typescript
          export function chunkEntryPoint() {
            return true;
          }
          
          ```
          
          ---
          
        
        
      operator: 'match'
      stack: |-
        TestContext.<anonymous> (C:\Daten\Entwicklung\OpenCodeRAG\src\__tests__\plugin.test.ts:264:14)
        process.processTicksAndRejections (node:internal/process/task_queues:105:5)
        async Test.run (node:internal/test_runner/test:980:9)
        async Suite.processPendingSubtests (node:internal/test_runner/test:677:7)
      ...
    # Subtest: returns a helpful message when the index is empty
    ok 4 - returns a helpful message when the index is empty
      ---
      duration_ms: 11.0111
      ...
    # Subtest: adds system guidance for chunk retrieval
    ok 5 - adds system guidance for chunk retrieval
      ---
      duration_ms: 5.0444
      ...
    # Subtest: does not retrieve context on chat.message (retrieval only on file tool scans)
    ok 6 - does not retrieve context on chat.message (retrieval only on file tool scans)
      ---
      duration_ms: 3.3322
      ...
    # Subtest: registers a RAG-backed read override tool
    ok 7 - registers a RAG-backed read override tool
      ---
      duration_ms: 91.9289
      ...
    # Subtest: does not replace output for non-read search tools
    ok 8 - does not replace output for non-read search tools
      ---
      duration_ms: 4.3421
      ...
    1..8
not ok 1 - ragPlugin
  ---
  duration_ms: 264.2444
  type: 'suite'
  location: 'C:\\Daten\\Entwicklung\\OpenCodeRAG\\src\\__tests__\\plugin.test.ts:1:2038'
  failureType: 'subtestsFailed'
  error: '1 subtest failed'
  code: 'ERR_TEST_FAILURE'
  ...
